// Jest Snapshot v1, https://goo.gl/fbAQLP

exports[`... Books component 1`] = `
<ul
  className="list-group books-list"
/>
`;
